// Jest Snapshot v1, https://goo.gl/fbAQLP

exports[`<App /> 1`] = `
<WithStyles(ForwardRef(Container))
  className="app"
>
  <WithStyles(ForwardRef(Typography))
    variant="h2"
  >
    SWA Todos
  </WithStyles(ForwardRef(Typography))>
  <Connect(Component) />
</WithStyles(ForwardRef(Container))>
`;
